Welcome to Ubuntu 24.04.1 LTS (GNU/Linux 5.15.167.4-microsoft-standard-WSL2 x86_64)

 * Documentation:  https://help.ubuntu.com
 * Management:     https://landscape.canonical.com
 * Support:        https://ubuntu.com/pro

 System information as of Tue Mar 18 17:48:07 EDT 2025

  System load:  0.16               Processes:             60
  Usage of /:   8.4% of 250.92GB   Users logged in:       0
  Memory usage: 5%                 IPv4 address for eth0: 172.17.252.129
  Swap usage:   0%


This message is shown once a day. To disable it please create the
/home/binju/.hushlogin file.
binju@H225-LT3520-06:~$ wget https://github.com/GwonjinLee/BiotechII/releases/download/RNAseq/RNAseq_data.zip
--2025-03-18 17:48:31--  https://github.com/GwonjinLee/BiotechII/releases/download/RNAseq/RNAseq_data.zip
Resolving github.com (github.com)... 140.82.112.4
Connecting to github.com (github.com)|140.82.112.4|:443... connected.
HTTP request sent, awaiting response... 302 Found
Location: https://objects.githubusercontent.com/github-production-release-asset-2e65be/920315734/6c8cf7c0-a29e-4307-8da2-2a4f5ee66787?X-Amz-Algorithm=AWS4-HMAC-SHA256&X-Amz-Credential=releaseassetproduction%2F20250318%2Fus-east-1%2Fs3%2Faws4_request&X-Amz-Date=20250318T214755Z&X-Amz-Expires=300&X-Amz-Signature=0bd418178c40043f069e05a704e1936c2521a36ae24cc5bc35dcb149533be7d2&X-Amz-SignedHeaders=host&response-content-disposition=attachment%3B%20filename%3DRNAseq_data.zip&response-content-type=application%2Foctet-stream [following]
--2025-03-18 17:48:31--  https://objects.githubusercontent.com/github-production-release-asset-2e65be/920315734/6c8cf7c0-a29e-4307-8da2-2a4f5ee66787?X-Amz-Algorithm=AWS4-HMAC-SHA256&X-Amz-Credential=releaseassetproduction%2F20250318%2Fus-east-1%2Fs3%2Faws4_request&X-Amz-Date=20250318T214755Z&X-Amz-Expires=300&X-Amz-Signature=0bd418178c40043f069e05a704e1936c2521a36ae24cc5bc35dcb149533be7d2&X-Amz-SignedHeaders=host&response-content-disposition=attachment%3B%20filename%3DRNAseq_data.zip&response-content-type=application%2Foctet-stream
Resolving objects.githubusercontent.com (objects.githubusercontent.com)... 185.199.108.133, 185.199.109.133, 185.199.110.133, ...
Connecting to objects.githubusercontent.com (objects.githubusercontent.com)|185.199.108.133|:443... connected.
HTTP request sent, awaiting response... 200 OK
Length: 468500417 (447M) [application/octet-stream]
Saving to: ‘RNAseq_data.zip’

RNAseq_data.zip                      100%[======================================================================>] 446.80M  1.38MB/s    in 3m 37s

2025-03-18 17:52:05 (2.06 MB/s) - ‘RNAseq_data.zip’ saved [468500417/468500417]

binju@H225-LT3520-06:~$ unzip RNAseq_data.zip
Archive:  RNAseq_data.zip
   creating: RNAseq_data/
   creating: RNAseq_data/samples/
  inflating: RNAseq_data/samples/SAMPLE1_R2.fastq.gz
  inflating: RNAseq_data/samples/SAMPLE1_R1.fastq.gz
  inflating: RNAseq_data/samples/SAMPLE2_R2.fastq.gz
  inflating: RNAseq_data/samples/SAMPLE2_R1.fastq.gz
   creating: RNAseq_data/genes/
  inflating: RNAseq_data/genes/chrX.gtf
   creating: RNAseq_data/genome/
  inflating: RNAseq_data/genome/chrX.fa
   creating: RNAseq_data/indexes/
  inflating: RNAseq_data/indexes/chrX_tran.8.ht2
  inflating: RNAseq_data/indexes/chrX_tran.1.ht2
  inflating: RNAseq_data/indexes/chrX_tran.3.ht2
  inflating: RNAseq_data/indexes/chrX_tran.7.ht2
  inflating: RNAseq_data/indexes/chrX_tran.5.ht2
  inflating: RNAseq_data/indexes/chrX_tran.2.ht2
  inflating: RNAseq_data/indexes/chrX_tran.6.ht2
  inflating: RNAseq_data/indexes/chrX_tran.4.ht2
binju@H225-LT3520-06:~$ ls
ActivityB.sh                     filtered_variantsB.vcf  reference.fa.sa                   sampleB_R1.fq.gz                  summary_variants.txt
RNAseq_data                      igv                     reference.fa:Zone.Identifier      sampleB_R1.fq.gz:Zone.Identifier  summary_variantsB
RNAseq_data.zip                  igv_snapshot.png        sam                               sampleB_R1_fastqc.html            summary_variantsB.txt
activity.sh                      nactivity.txt           sampleA.mpileup                   sampleB_R1_fastqc.zip             test.sh
bam                              new.sh                  sampleA_R1.fq.gz                  sampleB_R2.fq.gz                  testfiles
depth_summaryB.txt               note.sh                 sampleA_R1.fq.gz:Zone.Identifier  sampleB_R2.fq.gz:Zone.Identifier  trim
example_snp.vcf                  practice_folder         sampleA_R1.out_fastqc.html        sort                              variantsA.bcf
example_snp.vcf:Zone.Identifier  reference.fa            sampleA_R1.out_fastqc.zip         summary.txt                       variantsA.vcf
filtered_by_depth.vcf            reference.fa.amb        sampleA_R1_fastqc.html            summaryB.txt                      variantsB.bcf
filtered_by_depthB.vcf           reference.fa.ann        sampleA_R1_fastqc.zip             summary_depth.txt                 variantsB.vcf
filtered_by_qual.vcf             reference.fa.bwt        sampleA_R2.fq.gz                  summary_depthB                    work.txt
filtered_by_qualB.vcf            reference.fa.fai        sampleA_R2.fq.gz:Zone.Identifier  summary_qual.txt
filtered_variants.vcf            reference.fa.pac        sampleB.mpileup                   summary_qualB
binju@H225-LT3520-06:~$ cd RNAseq_data
binju@H225-LT3520-06:~/RNAseq_data$ ls
genes  genome  indexes  samples
binju@H225-LT3520-06:~/RNAseq_data$ cd ..
binju@H225-LT3520-06:~$ cd RNAseq_data
binju@H225-LT3520-06:~/RNAseq_data$ ls
genes  genome  indexes  samples
binju@H225-LT3520-06:~/RNAseq_data$ cd samples
binju@H225-LT3520-06:~/RNAseq_data/samples$ ls
SAMPLE1_R1.fastq.gz  SAMPLE1_R2.fastq.gz  SAMPLE2_R1.fastq.gz  SAMPLE2_R2.fastq.gz
binju@H225-LT3520-06:~/RNAseq_data/samples$ fastqc SAMPLE1_R1.fastq.gz
application/gzip
Started analysis of SAMPLE1_R1.fastq.gz
Approx 5% complete for SAMPLE1_R1.fastq.gz
Approx 10% complete for SAMPLE1_R1.fastq.gz
Approx 15% complete for SAMPLE1_R1.fastq.gz
Approx 20% complete for SAMPLE1_R1.fastq.gz
Approx 25% complete for SAMPLE1_R1.fastq.gz
Approx 30% complete for SAMPLE1_R1.fastq.gz
Approx 35% complete for SAMPLE1_R1.fastq.gz
Approx 40% complete for SAMPLE1_R1.fastq.gz
Approx 45% complete for SAMPLE1_R1.fastq.gz
Approx 50% complete for SAMPLE1_R1.fastq.gz
Approx 55% complete for SAMPLE1_R1.fastq.gz
Approx 60% complete for SAMPLE1_R1.fastq.gz
Approx 65% complete for SAMPLE1_R1.fastq.gz
Approx 70% complete for SAMPLE1_R1.fastq.gz
Approx 75% complete for SAMPLE1_R1.fastq.gz
Approx 80% complete for SAMPLE1_R1.fastq.gz
Approx 85% complete for SAMPLE1_R1.fastq.gz
Approx 90% complete for SAMPLE1_R1.fastq.gz
Approx 95% complete for SAMPLE1_R1.fastq.gz
Analysis complete for SAMPLE1_R1.fastq.gz
binju@H225-LT3520-06:~/RNAseq_data/samples$ fastqc SAMPLE1_R2.fastq.gz
application/gzip
Started analysis of SAMPLE1_R2.fastq.gz
Approx 5% complete for SAMPLE1_R2.fastq.gz
Approx 10% complete for SAMPLE1_R2.fastq.gz
Approx 15% complete for SAMPLE1_R2.fastq.gz
Approx 20% complete for SAMPLE1_R2.fastq.gz
Approx 25% complete for SAMPLE1_R2.fastq.gz
Approx 30% complete for SAMPLE1_R2.fastq.gz
Approx 35% complete for SAMPLE1_R2.fastq.gz
Approx 40% complete for SAMPLE1_R2.fastq.gz
Approx 45% complete for SAMPLE1_R2.fastq.gz
Approx 50% complete for SAMPLE1_R2.fastq.gz
Approx 55% complete for SAMPLE1_R2.fastq.gz
Approx 60% complete for SAMPLE1_R2.fastq.gz
Approx 65% complete for SAMPLE1_R2.fastq.gz
Approx 70% complete for SAMPLE1_R2.fastq.gz
Approx 75% complete for SAMPLE1_R2.fastq.gz
Approx 80% complete for SAMPLE1_R2.fastq.gz
Approx 85% complete for SAMPLE1_R2.fastq.gz
Approx 90% complete for SAMPLE1_R2.fastq.gz
Approx 95% complete for SAMPLE1_R2.fastq.gz
Analysis complete for SAMPLE1_R2.fastq.gz
binju@H225-LT3520-06:~/RNAseq_data/samples$ hisat2 -p 8 --no-unal --dta -x indexes/chrX_tran -1 samples/SAMPLE1_R1.fastq.gz -2 samples/SAMPLE1
(ERR): Read file 'samples/SAMPLE1_R1.fastq.gz' doesn't exist
Exiting now ...
binju@H225-LT3520-06:~/RNAseq_data/samples$ hisat2 -p 8 --no-unal --dta -x indexes/chrX_tran -1 samples/SAMPLE1_R1.fastq.gz -2 samples/SAMPLE1_R2.fa
stq.gz -S SAMPLE1.sam
(ERR): Read file 'samples/SAMPLE1_R1.fastq.gz' doesn't exist
Exiting now ...
binju@H225-LT3520-06:~/RNAseq_data/samples$ ls
SAMPLE1_R1.fastq.gz     SAMPLE1_R1_fastqc.zip  SAMPLE1_R2_fastqc.html  SAMPLE2_R1.fastq.gz
SAMPLE1_R1_fastqc.html  SAMPLE1_R2.fastq.gz    SAMPLE1_R2_fastqc.zip   SAMPLE2_R2.fastq.gz
binju@H225-LT3520-06:~/RNAseq_data/samples$ cd ..
binju@H225-LT3520-06:~/RNAseq_data$ cd ..
binju@H225-LT3520-06:~$ cd RNAseq_data
binju@H225-LT3520-06:~/RNAseq_data$ hisat2 -p 8 --no-unal --dta -x indexes/chrX_tran -1 samples/SAMPLE1_R1.fastq.gz -2 samples/SAMPLE1_R2.fa
stq.gz -S SAMPLE1.sam
(ERR): Read file 'samples/SAMPLE1_R2.fa' doesn't exist
Exiting now ...
stq.gz: command not found
binju@H225-LT3520-06:~/RNAseq_data$
binju@H225-LT3520-06:~/RNAseq_data$ cd ..
binju@H225-LT3520-06:~$ hisat2 -p 8 --no-unal --dta -x indexes/chrX_tran -1 samples/SAMPLE1_R1.fastq.gz -2 samples/SAMPLE1_R2.fa
stq.gz -S SAMPLE1.sam
(ERR): Read file 'samples/SAMPLE1_R1.fastq.gz' doesn't exist
Exiting now ...
stq.gz: command not found
binju@H225-LT3520-06:~$ cd RNAseq_data/
binju@H225-LT3520-06:~/RNAseq_data$ hisat2 -p 8 --no-unal --dta -x indexes/chrX_tran -1 samples/SAMPLE1_R1.fastq.gz -2 samples/SAMPLE1_R2.fa
stq.gz -S SAMPLE1.sam
(ERR): Read file 'samples/SAMPLE1_R2.fa' doesn't exist
Exiting now ...
stq.gz: command not found
binju@H225-LT3520-06:~/RNAseq_data$ hisat2 -p 8 --no-unal --dta -x indexes/chrX_tran -1 samples/SAMPLE1_R1.fastq.gz -2 samples/SAMPLE1_R2.fastq.gz -S SAMPLE1.sam
580042 reads; of these:
  580042 (100.00%) were paired; of these:
    49702 (8.57%) aligned concordantly 0 times
    525184 (90.54%) aligned concordantly exactly 1 time
    5156 (0.89%) aligned concordantly >1 times
    ----
    49702 pairs aligned concordantly 0 times; of these:
      1358 (2.73%) aligned discordantly 1 time
    ----
    48344 pairs aligned 0 times concordantly or discordantly; of these:
      96688 mates make up the pairs; of these:
        49496 (51.19%) aligned 0 times
        46162 (47.74%) aligned exactly 1 time
        1030 (1.07%) aligned >1 times
95.73% overall alignment rate
binju@H225-LT3520-06:~/RNAseq_data$ ls
SAMPLE1.sam  genes  genome  indexes  samples
binju@H225-LT3520-06:~/RNAseq_data$ hisat2 -p 8 --no-unal --dta -x indexes/chrX_tran -1 samples/SAMPLE1_R1.fastq.gz -2 samples/SAMPLE1_R2.fastq.gz -S SAMPLE1.sam --summary-file summary/SAMPLE1.txt
580042 reads; of these:
  580042 (100.00%) were paired; of these:
    49702 (8.57%) aligned concordantly 0 times
    525184 (90.54%) aligned concordantly exactly 1 time
    5156 (0.89%) aligned concordantly >1 times
    ----
    49702 pairs aligned concordantly 0 times; of these:
      1358 (2.73%) aligned discordantly 1 time
    ----
    48344 pairs aligned 0 times concordantly or discordantly; of these:
      96688 mates make up the pairs; of these:
        49496 (51.19%) aligned 0 times
        46162 (47.74%) aligned exactly 1 time
        1030 (1.07%) aligned >1 times
95.73% overall alignment rate
binju@H225-LT3520-06:~/RNAseq_data$ cd samples
binju@H225-LT3520-06:~/RNAseq_data/samples$ ls
SAMPLE1_R1.fastq.gz     SAMPLE1_R1_fastqc.zip  SAMPLE1_R2_fastqc.html  SAMPLE2_R1.fastq.gz
SAMPLE1_R1_fastqc.html  SAMPLE1_R2.fastq.gz    SAMPLE1_R2_fastqc.zip   SAMPLE2_R2.fastq.gz
binju@H225-LT3520-06:~/RNAseq_data/samples$ fastqc SAMPLE2_R1.fastq.gz
application/gzip
Started analysis of SAMPLE2_R1.fastq.gz
Approx 5% complete for SAMPLE2_R1.fastq.gz
Approx 10% complete for SAMPLE2_R1.fastq.gz
Approx 15% complete for SAMPLE2_R1.fastq.gz
Approx 20% complete for SAMPLE2_R1.fastq.gz
Approx 25% complete for SAMPLE2_R1.fastq.gz
Approx 30% complete for SAMPLE2_R1.fastq.gz
Approx 35% complete for SAMPLE2_R1.fastq.gz
Approx 40% complete for SAMPLE2_R1.fastq.gz
Approx 45% complete for SAMPLE2_R1.fastq.gz
Approx 50% complete for SAMPLE2_R1.fastq.gz
Approx 55% complete for SAMPLE2_R1.fastq.gz
Approx 60% complete for SAMPLE2_R1.fastq.gz
Approx 65% complete for SAMPLE2_R1.fastq.gz
Approx 70% complete for SAMPLE2_R1.fastq.gz
Approx 75% complete for SAMPLE2_R1.fastq.gz
Approx 80% complete for SAMPLE2_R1.fastq.gz
Approx 85% complete for SAMPLE2_R1.fastq.gz
Approx 90% complete for SAMPLE2_R1.fastq.gz
Approx 95% complete for SAMPLE2_R1.fastq.gz
Analysis complete for SAMPLE2_R1.fastq.gz
binju@H225-LT3520-06:~/RNAseq_data/samples$ fastqc SAMPLE2_R2.fastq.gz
application/gzip
Started analysis of SAMPLE2_R2.fastq.gz
Approx 5% complete for SAMPLE2_R2.fastq.gz
Approx 10% complete for SAMPLE2_R2.fastq.gz
Approx 15% complete for SAMPLE2_R2.fastq.gz
Approx 20% complete for SAMPLE2_R2.fastq.gz
Approx 25% complete for SAMPLE2_R2.fastq.gz
Approx 30% complete for SAMPLE2_R2.fastq.gz
Approx 35% complete for SAMPLE2_R2.fastq.gz
Approx 40% complete for SAMPLE2_R2.fastq.gz
Approx 45% complete for SAMPLE2_R2.fastq.gz
Approx 50% complete for SAMPLE2_R2.fastq.gz
Approx 55% complete for SAMPLE2_R2.fastq.gz
Approx 60% complete for SAMPLE2_R2.fastq.gz
Approx 65% complete for SAMPLE2_R2.fastq.gz
Approx 70% complete for SAMPLE2_R2.fastq.gz
Approx 75% complete for SAMPLE2_R2.fastq.gz
Approx 80% complete for SAMPLE2_R2.fastq.gz
Approx 85% complete for SAMPLE2_R2.fastq.gz
Approx 90% complete for SAMPLE2_R2.fastq.gz
Approx 95% complete for SAMPLE2_R2.fastq.gz
Analysis complete for SAMPLE2_R2.fastq.gz
binju@H225-LT3520-06:~/RNAseq_data/samples$ cd ..
binju@H225-LT3520-06:~/RNAseq_data$ hisat2 -p 8 --no-unal --dta -x indexes/chrX_tran -1 samples/SAMPLE2_R1.fastq.gz -2 samples/SAMPLE2_R2.fastq.gz -
S SAMPLE2.sam
843202 reads; of these:
  843202 (100.00%) were paired; of these:
    63894 (7.58%) aligned concordantly 0 times
    771068 (91.45%) aligned concordantly exactly 1 time
    8240 (0.98%) aligned concordantly >1 times
    ----
    63894 pairs aligned concordantly 0 times; of these:
      2053 (3.21%) aligned discordantly 1 time
    ----
    61841 pairs aligned 0 times concordantly or discordantly; of these:
      123682 mates make up the pairs; of these:
        62496 (50.53%) aligned 0 times
        59739 (48.30%) aligned exactly 1 time
        1447 (1.17%) aligned >1 times
96.29% overall alignment rate
binju@H225-LT3520-06:~/RNAseq_data$ hisat2 -p 8 --no-unal --dta -x indexes/chrX_tran -1 samples/SAMPLE2_R1.fastq.gz -2 samples/SAMPLE2_R2.fastq.gz -
S SAMPLE2.sam --summary-file summary/SAMPLE2.txt

843202 reads; of these:
  843202 (100.00%) were paired; of these:
    63894 (7.58%) aligned concordantly 0 times
    771068 (91.45%) aligned concordantly exactly 1 time
    8240 (0.98%) aligned concordantly >1 times
    ----
    63894 pairs aligned concordantly 0 times; of these:
      2053 (3.21%) aligned discordantly 1 time
    ----
    61841 pairs aligned 0 times concordantly or discordantly; of these:
      123682 mates make up the pairs; of these:
        62496 (50.53%) aligned 0 times
        59739 (48.30%) aligned exactly 1 time
        1447 (1.17%) aligned >1 times
96.29% overall alignment rate
binju@H225-LT3520-06:~/RNAseq_data$
binju@H225-LT3520-06:~/RNAseq_data$ mkdir summary
binju@H225-LT3520-06:~/RNAseq_data$ hisat2 -p 8 --no-unal --dta -x indexes/chrX_tran -1 samples/SAMPLE2_R1.fastq.gz -2 samples/SAMPLE2_R2.fastq.gz -S SAMPLE2.sam --summary-file summary/SAMPLE2.txt
843202 reads; of these:
  843202 (100.00%) were paired; of these:
    63894 (7.58%) aligned concordantly 0 times
    771068 (91.45%) aligned concordantly exactly 1 time
    8240 (0.98%) aligned concordantly >1 times
    ----
    63894 pairs aligned concordantly 0 times; of these:
      2053 (3.21%) aligned discordantly 1 time
    ----
    61841 pairs aligned 0 times concordantly or discordantly; of these:
      123682 mates make up the pairs; of these:
        62496 (50.53%) aligned 0 times
        59739 (48.30%) aligned exactly 1 time
        1447 (1.17%) aligned >1 times
96.29% overall alignment rate
binju@H225-LT3520-06:~/RNAseq_data$ hisat2 -p 8 --no-unal --dta -x indexes/chrX_tran -1 samples/SAMPLE1_R1.fastq.gz -2 samples/SAMPLE1_R2.fastq.gz -S SAMPLE1.sam --summary-file summary/SAMPLE1.txt
580042 reads; of these:
  580042 (100.00%) were paired; of these:
    49702 (8.57%) aligned concordantly 0 times
    525184 (90.54%) aligned concordantly exactly 1 time
    5156 (0.89%) aligned concordantly >1 times
    ----
    49702 pairs aligned concordantly 0 times; of these:
      1358 (2.73%) aligned discordantly 1 time
    ----
    48344 pairs aligned 0 times concordantly or discordantly; of these:
      96688 mates make up the pairs; of these:
        49496 (51.19%) aligned 0 times
        46162 (47.74%) aligned exactly 1 time
        1030 (1.07%) aligned >1 times
95.73% overall alignment rate
binju@H225-LT3520-06:~/RNAseq_data$ cd summary
binju@H225-LT3520-06:~/RNAseq_data/summary$ rmdir *.txt
rmdir: failed to remove 'SAMPLE1.txt': Not a directory
rmdir: failed to remove 'SAMPLE2.txt': Not a directory
binju@H225-LT3520-06:~/RNAseq_data/summary$ rmdir SAMPLE1.txt
rmdir: failed to remove 'SAMPLE1.txt': Not a directory
binju@H225-LT3520-06:~/RNAseq_data/summary$ cd ..
binju@H225-LT3520-06:~/RNAseq_data$ rmdir summary
rmdir: failed to remove 'summary': Directory not empty
binju@H225-LT3520-06:~/RNAseq_data$ rm-rf summary
rm-rf: command not found
binju@H225-LT3520-06:~/RNAseq_data$ rm SAMPLE1.txt
rm: cannot remove 'SAMPLE1.txt': No such file or directory
binju@H225-LT3520-06:~/RNAseq_data$ cd summary
binju@H225-LT3520-06:~/RNAseq_data/summary$ rm SAMPLE1.txt
binju@H225-LT3520-06:~/RNAseq_data/summary$ rm SAMPLE2.txt
binju@H225-LT3520-06:~/RNAseq_data/summary$ cd ..
binju@H225-LT3520-06:~/RNAseq_data$ rm *.sam
binju@H225-LT3520-06:~/RNAseq_data$ ls
genes  genome  indexes  samples  summary
binju@H225-LT3520-06:~/RNAseq_data$ mkdir new_sam
binju@H225-LT3520-06:~/RNAseq_data$ ls
genes  genome  indexes  new_sam  samples  summary
binju@H225-LT3520-06:~/RNAseq_data$ bash alltogether.sh
/usr/bin/hisat2-align-s: unrecognized option '--dta-x'
HISAT2 version 2.2.1 by Daehwan Kim (infphilo@gmail.com, www.ccb.jhu.edu/people/infphilo)
Usage:
  hisat2 [options]* -x <ht2-idx> {-1 <m1> -2 <m2> | -U <r>} [-S <sam>]

  <ht2-idx>  Index filename prefix (minus trailing .X.ht2).
  <m1>       Files with #1 mates, paired with files in <m2>.
             Could be gzip'ed (extension: .gz) or bzip2'ed (extension: .bz2).
  <m2>       Files with #2 mates, paired with files in <m1>.
             Could be gzip'ed (extension: .gz) or bzip2'ed (extension: .bz2).
  <r>        Files with unpaired reads.
             Could be gzip'ed (extension: .gz) or bzip2'ed (extension: .bz2).
  <sam>      File for SAM output (default: stdout)

  <m1>, <m2>, <r> can be comma-separated lists (no whitespace) and can be
  specified many times.  E.g. '-U file1.fq,file2.fq -U file3.fq'.

Options (defaults in parentheses):

 Input:
  -q                 query input files are FASTQ .fq/.fastq (default)
  --qseq             query input files are in Illumina's qseq format
  -f                 query input files are (multi-)FASTA .fa/.mfa
  -r                 query input files are raw one-sequence-per-line
  -c                 <m1>, <m2>, <r> are sequences themselves, not files
  -s/--skip <int>    skip the first <int> reads/pairs in the input (none)
  -u/--upto <int>    stop after first <int> reads/pairs (no limit)
  -5/--trim5 <int>   trim <int> bases from 5'/left end of reads (0)
  -3/--trim3 <int>   trim <int> bases from 3'/right end of reads (0)
  --phred33          qualities are Phred+33 (default)
  --phred64          qualities are Phred+64
  --int-quals        qualities encoded as space-delimited integers

 Presets:                 Same as:
   --fast                 --no-repeat-index
   --sensitive            --bowtie2-dp 1 -k 30 --score-min L,0,-0.5
   --very-sensitive       --bowtie2-dp 2 -k 50 --score-min L,0,-1

 Alignment:
  --bowtie2-dp <int> use Bowtie2's dynamic programming alignment algorithm (0) - 0: no dynamic programming, 1: conditional dynamic programming, and2: unconditional dynamic programming (slowest)
  --n-ceil <func>    func for max # non-A/C/G/Ts permitted in aln (L,0,0.15)
  --ignore-quals     treat all quality values as 30 on Phred scale (off)
  --nofw             do not align forward (original) version of read (off)
  --norc             do not align reverse-complement version of read (off)
  --no-repeat-index  do not use repeat index

 Spliced Alignment:
  --pen-cansplice <int>              penalty for a canonical splice site (0)
  --pen-noncansplice <int>           penalty for a non-canonical splice site (12)
  --pen-canintronlen <func>          penalty for long introns (G,-8,1) with canonical splice sites
  --pen-noncanintronlen <func>       penalty for long introns (G,-8,1) with noncanonical splice sites
  --min-intronlen <int>              minimum intron length (20)
  --max-intronlen <int>              maximum intron length (500000)
  --known-splicesite-infile <path>   provide a list of known splice sites
  --novel-splicesite-outfile <path>  report a list of splice sites
  --novel-splicesite-infile <path>   provide a list of novel splice sites
  --no-temp-splicesite               disable the use of splice sites found
  --no-spliced-alignment             disable spliced alignment
  --rna-strandness <string>          specify strand-specific information (unstranded)
  --tmo                              reports only those alignments within known transcriptome
  --dta                              reports alignments tailored for transcript assemblers
  --dta-cufflinks                    reports alignments tailored specifically for cufflinks
  --avoid-pseudogene                 tries to avoid aligning reads to pseudogenes (experimental option)
  --no-templatelen-adjustment        disables template length adjustment for RNA-seq reads

 Scoring:
  --mp <int>,<int>   max and min penalties for mismatch; lower qual = lower penalty <6,2>
  --sp <int>,<int>   max and min penalties for soft-clipping; lower qual = lower penalty <2,1>
  --no-softclip      no soft-clipping
  --np <int>         penalty for non-A/C/G/Ts in read/ref (1)
  --rdg <int>,<int>  read gap open, extend penalties (5,3)
  --rfg <int>,<int>  reference gap open, extend penalties (5,3)
  --score-min <func> min acceptable alignment score w/r/t read length
                     (L,0.0,-0.2)

 Reporting:
  -k <int>           It searches for at most <int> distinct, primary alignments for each read. Primary alignments mean
                     alignments whose alignment score is equal to or higher than any other alignments. The search terminates
                     when it cannot find more distinct valid alignments, or when it finds <int>, whichever happens first.
                     The alignment score for a paired-end alignment equals the sum of the alignment scores of
                     the individual mates. Each reported read or pair alignment beyond the first has the SAM ‘secondary’ bit
                     (which equals 256) set in its FLAGS field. For reads that have more than <int> distinct,
                     valid alignments, hisat2 does not guarantee that the <int> alignments reported are the best possible
                     in terms of alignment score. Default: 5 (linear index) or 10 (graph index).
                     Note: HISAT2 is not designed with large values for -k in mind, and when aligning reads to long,
                     repetitive genomes, large -k could make alignment much slower.
  --max-seeds <int>  HISAT2, like other aligners, uses seed-and-extend approaches. HISAT2 tries to extend seeds to
                     full-length alignments. In HISAT2, --max-seeds is used to control the maximum number of seeds that
                     will be extended. For DNA-read alignment (--no-spliced-alignment), HISAT2 extends up to these many seeds
                     and skips the rest of the seeds. For RNA-read alignment, HISAT2 skips extending seeds and reports
                     no alignments if the number of seeds is larger than the number specified with the option,
                     to be compatible with previous versions of HISAT2. Large values for --max-seeds may improve alignment
                     sensitivity, but HISAT2 is not designed with large values for --max-seeds in mind, and when aligning
                     reads to long, repetitive genomes, large --max-seeds could make alignment much slower.
                     The default value is the maximum of 5 and the value that comes with -k times 2.
  -a/--all           HISAT2 reports all alignments it can find. Using the option is equivalent to using both --max-seeds
                     and -k with the maximum value that a 64-bit signed integer can represent (9,223,372,036,854,775,807).
  --repeat           report alignments to repeat sequences directly

 Paired-end:
  -I/--minins <int>  minimum fragment length (0), only valid with --no-spliced-alignment
  -X/--maxins <int>  maximum fragment length (500), only valid with --no-spliced-alignment
  --fr/--rf/--ff     -1, -2 mates align fw/rev, rev/fw, fw/fw (--fr)
  --no-mixed         suppress unpaired alignments for paired reads
  --no-discordant    suppress discordant alignments for paired reads

 Output:
  -t/--time          print wall-clock time taken by search phases
  --un <path>           write unpaired reads that didn't align to <path>
  --al <path>           write unpaired reads that aligned at least once to <path>
  --un-conc <path>      write pairs that didn't align concordantly to <path>
  --al-conc <path>      write pairs that aligned concordantly at least once to <path>
  (Note: for --un, --al, --un-conc, or --al-conc, add '-gz' to the option name, e.g.
  --un-gz <path>, to gzip compress output, or add '-bz2' to bzip2 compress output.)
  --summary-file <path> print alignment summary to this file.
  --new-summary         print alignment summary in a new style, which is more machine-friendly.
  --quiet               print nothing to stderr except serious errors
  --met-file <path>     send metrics to file at <path> (off)
  --met-stderr          send metrics to stderr (off)
  --met <int>           report internal counters & metrics every <int> secs (1)
  --no-head             suppress header lines, i.e. lines starting with @
  --no-sq               suppress @SQ header lines
  --rg-id <text>        set read group id, reflected in @RG line and RG:Z: opt field
  --rg <text>           add <text> ("lab:value") to @RG line of SAM header.
                        Note: @RG line only printed when --rg-id is set.
  --omit-sec-seq        put '*' in SEQ and QUAL fields for secondary alignments.

 Performance:
  -o/--offrate <int> override offrate of index; must be >= index's offrate
  -p/--threads <int> number of alignment threads to launch (1)
  --reorder          force SAM output order to match order of input reads
  --mm               use memory-mapped I/O for index; many 'hisat2's can share

 Other:
  --qc-filter        filter out reads that are bad according to QSEQ filter
  --seed <int>       seed for random number generator (0)
  --non-deterministic seed rand. gen. arbitrarily instead of using read attributes
  --remove-chrname   remove 'chr' from reference names in alignment
  --add-chrname      add 'chr' to reference names in alignment
  --version          print version information and quit
  -h/--help          print this usage message
Error: Encountered internal HISAT2 exception (#1)
Command: /usr/bin/hisat2-align-s --wrapper basic-0 -P 8 --dta-x indexes/chrX_tran-1 samples/SAMPLE1_R1.fastq.gz-2 samples/SAMPLE1_R2.fastq.gz-S new_sam/SAMPLE1.sam--summary-file summary/SAMPLE1_summary.txt --passthrough
(ERR): hisat2-align exited with value 1
/usr/bin/hisat2-align-s: unrecognized option '--dta-x'
HISAT2 version 2.2.1 by Daehwan Kim (infphilo@gmail.com, www.ccb.jhu.edu/people/infphilo)
Usage:
  hisat2 [options]* -x <ht2-idx> {-1 <m1> -2 <m2> | -U <r>} [-S <sam>]

  <ht2-idx>  Index filename prefix (minus trailing .X.ht2).
  <m1>       Files with #1 mates, paired with files in <m2>.
             Could be gzip'ed (extension: .gz) or bzip2'ed (extension: .bz2).
  <m2>       Files with #2 mates, paired with files in <m1>.
             Could be gzip'ed (extension: .gz) or bzip2'ed (extension: .bz2).
  <r>        Files with unpaired reads.
             Could be gzip'ed (extension: .gz) or bzip2'ed (extension: .bz2).
  <sam>      File for SAM output (default: stdout)

  <m1>, <m2>, <r> can be comma-separated lists (no whitespace) and can be
  specified many times.  E.g. '-U file1.fq,file2.fq -U file3.fq'.

Options (defaults in parentheses):

 Input:
  -q                 query input files are FASTQ .fq/.fastq (default)
  --qseq             query input files are in Illumina's qseq format
  -f                 query input files are (multi-)FASTA .fa/.mfa
  -r                 query input files are raw one-sequence-per-line
  -c                 <m1>, <m2>, <r> are sequences themselves, not files
  -s/--skip <int>    skip the first <int> reads/pairs in the input (none)
  -u/--upto <int>    stop after first <int> reads/pairs (no limit)
  -5/--trim5 <int>   trim <int> bases from 5'/left end of reads (0)
  -3/--trim3 <int>   trim <int> bases from 3'/right end of reads (0)
  --phred33          qualities are Phred+33 (default)
  --phred64          qualities are Phred+64
  --int-quals        qualities encoded as space-delimited integers

 Presets:                 Same as:
   --fast                 --no-repeat-index
   --sensitive            --bowtie2-dp 1 -k 30 --score-min L,0,-0.5
   --very-sensitive       --bowtie2-dp 2 -k 50 --score-min L,0,-1

 Alignment:
  --bowtie2-dp <int> use Bowtie2's dynamic programming alignment algorithm (0) - 0: no dynamic programming, 1: conditional dynamic programming, and2: unconditional dynamic programming (slowest)
  --n-ceil <func>    func for max # non-A/C/G/Ts permitted in aln (L,0,0.15)
  --ignore-quals     treat all quality values as 30 on Phred scale (off)
  --nofw             do not align forward (original) version of read (off)
  --norc             do not align reverse-complement version of read (off)
  --no-repeat-index  do not use repeat index

 Spliced Alignment:
  --pen-cansplice <int>              penalty for a canonical splice site (0)
  --pen-noncansplice <int>           penalty for a non-canonical splice site (12)
  --pen-canintronlen <func>          penalty for long introns (G,-8,1) with canonical splice sites
  --pen-noncanintronlen <func>       penalty for long introns (G,-8,1) with noncanonical splice sites
  --min-intronlen <int>              minimum intron length (20)
  --max-intronlen <int>              maximum intron length (500000)
  --known-splicesite-infile <path>   provide a list of known splice sites
  --novel-splicesite-outfile <path>  report a list of splice sites
  --novel-splicesite-infile <path>   provide a list of novel splice sites
  --no-temp-splicesite               disable the use of splice sites found
  --no-spliced-alignment             disable spliced alignment
  --rna-strandness <string>          specify strand-specific information (unstranded)
  --tmo                              reports only those alignments within known transcriptome
  --dta                              reports alignments tailored for transcript assemblers
  --dta-cufflinks                    reports alignments tailored specifically for cufflinks
  --avoid-pseudogene                 tries to avoid aligning reads to pseudogenes (experimental option)
  --no-templatelen-adjustment        disables template length adjustment for RNA-seq reads

 Scoring:
  --mp <int>,<int>   max and min penalties for mismatch; lower qual = lower penalty <6,2>
  --sp <int>,<int>   max and min penalties for soft-clipping; lower qual = lower penalty <2,1>
  --no-softclip      no soft-clipping
  --np <int>         penalty for non-A/C/G/Ts in read/ref (1)
  --rdg <int>,<int>  read gap open, extend penalties (5,3)
  --rfg <int>,<int>  reference gap open, extend penalties (5,3)
  --score-min <func> min acceptable alignment score w/r/t read length
                     (L,0.0,-0.2)

 Reporting:
  -k <int>           It searches for at most <int> distinct, primary alignments for each read. Primary alignments mean
                     alignments whose alignment score is equal to or higher than any other alignments. The search terminates
                     when it cannot find more distinct valid alignments, or when it finds <int>, whichever happens first.
                     The alignment score for a paired-end alignment equals the sum of the alignment scores of
                     the individual mates. Each reported read or pair alignment beyond the first has the SAM ‘secondary’ bit
                     (which equals 256) set in its FLAGS field. For reads that have more than <int> distinct,
                     valid alignments, hisat2 does not guarantee that the <int> alignments reported are the best possible
                     in terms of alignment score. Default: 5 (linear index) or 10 (graph index).
                     Note: HISAT2 is not designed with large values for -k in mind, and when aligning reads to long,
                     repetitive genomes, large -k could make alignment much slower.
  --max-seeds <int>  HISAT2, like other aligners, uses seed-and-extend approaches. HISAT2 tries to extend seeds to
                     full-length alignments. In HISAT2, --max-seeds is used to control the maximum number of seeds that
                     will be extended. For DNA-read alignment (--no-spliced-alignment), HISAT2 extends up to these many seeds
                     and skips the rest of the seeds. For RNA-read alignment, HISAT2 skips extending seeds and reports
                     no alignments if the number of seeds is larger than the number specified with the option,
                     to be compatible with previous versions of HISAT2. Large values for --max-seeds may improve alignment
                     sensitivity, but HISAT2 is not designed with large values for --max-seeds in mind, and when aligning
                     reads to long, repetitive genomes, large --max-seeds could make alignment much slower.
                     The default value is the maximum of 5 and the value that comes with -k times 2.
  -a/--all           HISAT2 reports all alignments it can find. Using the option is equivalent to using both --max-seeds
                     and -k with the maximum value that a 64-bit signed integer can represent (9,223,372,036,854,775,807).
  --repeat           report alignments to repeat sequences directly

 Paired-end:
  -I/--minins <int>  minimum fragment length (0), only valid with --no-spliced-alignment
  -X/--maxins <int>  maximum fragment length (500), only valid with --no-spliced-alignment
  --fr/--rf/--ff     -1, -2 mates align fw/rev, rev/fw, fw/fw (--fr)
  --no-mixed         suppress unpaired alignments for paired reads
  --no-discordant    suppress discordant alignments for paired reads

 Output:
  -t/--time          print wall-clock time taken by search phases
  --un <path>           write unpaired reads that didn't align to <path>
  --al <path>           write unpaired reads that aligned at least once to <path>
  --un-conc <path>      write pairs that didn't align concordantly to <path>
  --al-conc <path>      write pairs that aligned concordantly at least once to <path>
  (Note: for --un, --al, --un-conc, or --al-conc, add '-gz' to the option name, e.g.
  --un-gz <path>, to gzip compress output, or add '-bz2' to bzip2 compress output.)
  --summary-file <path> print alignment summary to this file.
  --new-summary         print alignment summary in a new style, which is more machine-friendly.
  --quiet               print nothing to stderr except serious errors
  --met-file <path>     send metrics to file at <path> (off)
  --met-stderr          send metrics to stderr (off)
  --met <int>           report internal counters & metrics every <int> secs (1)
  --no-head             suppress header lines, i.e. lines starting with @
  --no-sq               suppress @SQ header lines
  --rg-id <text>        set read group id, reflected in @RG line and RG:Z: opt field
  --rg <text>           add <text> ("lab:value") to @RG line of SAM header.
                        Note: @RG line only printed when --rg-id is set.
  --omit-sec-seq        put '*' in SEQ and QUAL fields for secondary alignments.

 Performance:
  -o/--offrate <int> override offrate of index; must be >= index's offrate
  -p/--threads <int> number of alignment threads to launch (1)
  --reorder          force SAM output order to match order of input reads
  --mm               use memory-mapped I/O for index; many 'hisat2's can share

 Other:
  --qc-filter        filter out reads that are bad according to QSEQ filter
  --seed <int>       seed for random number generator (0)
  --non-deterministic seed rand. gen. arbitrarily instead of using read attributes
  --remove-chrname   remove 'chr' from reference names in alignment
  --add-chrname      add 'chr' to reference names in alignment
  --version          print version information and quit
  -h/--help          print this usage message
Error: Encountered internal HISAT2 exception (#1)
Command: /usr/bin/hisat2-align-s --wrapper basic-0 -P 8 --dta-x indexes/chrX_tran-1 samples/SAMPLE2_R1.fastq.gz-2 samples/SAMPLE2_R2.fastq.gz-S new_sam/SAMPLE2.sam--summary-file summary/SAMPLE2_summary.txt --passthrough
(ERR): hisat2-align exited with value 1
binju@H225-LT3520-06:~/RNAseq_data$ bash alltogether.sh
Unknown preset: 8
580042 reads; of these:
  580042 (100.00%) were paired; of these:
    49535 (8.54%) aligned concordantly 0 times
    525323 (90.57%) aligned concordantly exactly 1 time
    5184 (0.89%) aligned concordantly >1 times
    ----
    49535 pairs aligned concordantly 0 times; of these:
      1357 (2.74%) aligned discordantly 1 time
    ----
    48178 pairs aligned 0 times concordantly or discordantly; of these:
      96356 mates make up the pairs; of these:
        49321 (51.19%) aligned 0 times
        46002 (47.74%) aligned exactly 1 time
        1033 (1.07%) aligned >1 times
95.75% overall alignment rate
Unknown preset: 8
q
^[

exi843202 reads; of these:
  843202 (100.00%) were paired; of these:
    63729 (7.56%) aligned concordantly 0 times
    771218 (91.46%) aligned concordantly exactly 1 time
    8255 (0.98%) aligned concordantly >1 times
    ----
    63729 pairs aligned concordantly 0 times; of these:
      2047 (3.21%) aligned discordantly 1 time
    ----
    61682 pairs aligned 0 times concordantly or discordantly; of these:
      123364 mates make up the pairs; of these:
        62331 (50.53%) aligned 0 times
        59585 (48.30%) aligned exactly 1 time
        1448 (1.17%) aligned >1 times
96.30% overall alignment rate
binju@H225-LT3520-06:~/RNAseq_data$ q
Command 'q' not found, but can be installed with:
sudo snap install q                       # version 1.6.3-1, or
sudo apt  install python3-q-text-as-data  # version 3.1.6-3
See 'snap info q' for additional versions.
binju@H225-LT3520-06:~/RNAseq_data$
binju@H225-LT3520-06:~/RNAseq_data$ bash alltogether.sh
580042 reads; of these:
  580042 (100.00%) were paired; of these:
    49702 (8.57%) aligned concordantly 0 times
    525184 (90.54%) aligned concordantly exactly 1 time
    5156 (0.89%) aligned concordantly >1 times
    ----
    49702 pairs aligned concordantly 0 times; of these:
      1358 (2.73%) aligned discordantly 1 time
    ----
    48344 pairs aligned 0 times concordantly or discordantly; of these:
      96688 mates make up the pairs; of these:
        49496 (51.19%) aligned 0 times
        46162 (47.74%) aligned exactly 1 time
        1030 (1.07%) aligned >1 times
95.73% overall alignment rate
843202 reads; of these:
  843202 (100.00%) were paired; of these:
    63894 (7.58%) aligned concordantly 0 times
    771068 (91.45%) aligned concordantly exactly 1 time
    8240 (0.98%) aligned concordantly >1 times
    ----
    63894 pairs aligned concordantly 0 times; of these:
      2053 (3.21%) aligned discordantly 1 time
    ----
    61841 pairs aligned 0 times concordantly or discordantly; of these:
      123682 mates make up the pairs; of these:
        62496 (50.53%) aligned 0 times
        59739 (48.30%) aligned exactly 1 time
        1447 (1.17%) aligned >1 times
96.29% overall alignment rate
binju@H225-LT3520-06:~/RNAseq_data$
