Installing, this may take a few minutes...
Please create a default UNIX user account. The username does not need to match your Windows username.
For more information visit: https://aka.ms/wslusers
Enter new UNIX username: Binju
err: Please enter a username matching the regular expression
            configured via the NAME_REGEX configuration variable.  Use the
            `--allow-bad-names' option to relax this check or reconfigure
            NAME_REGEX in configuration.
Enter new UNIX username: binju
New password:
Retype new password:
passwd: password updated successfully
Installation successful!
To run a command as administrator (user "root"), use "sudo <command>".
See "man sudo_root" for details.

Welcome to Ubuntu 24.04.1 LTS (GNU/Linux 5.10.16.3-microsoft-standard-WSL2 x86_64)

 * Documentation:  https://help.ubuntu.com
 * Management:     https://landscape.canonical.com
 * Support:        https://ubuntu.com/pro

 System information as of Tue Feb 18 09:51:57 EST 2025

  System load:  0.08               Processes:             9
  Usage of /:   0.5% of 250.98GB   Users logged in:       0
  Memory usage: 1%                 IPv4 address for eth0: 172.30.115.182
  Swap usage:   0%

This message is shown once a day. To disable it please create the
/home/binju/.hushlogin file.
binju@H225-LT3520-06:~$ pwd
/home/binju
binju@H225-LT3520-06:~$ ls
binju@H225-LT3520-06:~$ mkdir practice_folder
binju@H225-LT3520-06:~$ ls
practice_folder
binju@H225-LT3520-06:~$ cd practice_folder
binju@H225-LT3520-06:~/practice_folder$ ls
binju@H225-LT3520-06:~/practice_folder$ touch activity.txt
binju@H225-LT3520-06:~/practice_folder$ ls
activity.txt
binju@H225-LT3520-06:~/practice_folder$ cp activity.txt ../
binju@H225-LT3520-06:~/practice_folder$ ls
activity.txt
binju@H225-LT3520-06:~/practice_folder$ cd..
cd..: command not found
binju@H225-LT3520-06:~/practice_folder$ cd ..
binju@H225-LT3520-06:~$ ls
activity.txt  practice_folder
binju@H225-LT3520-06:~$ cd practice_folder
binju@H225-LT3520-06:~/practice_folder$ rm activity.txt
binju@H225-LT3520-06:~/practice_folder$ ls
binju@H225-LT3520-06:~/practice_folder$ cd..
cd..: command not found
binju@H225-LT3520-06:~/practice_folder$ cd ..
binju@H225-LT3520-06:~$ mv activity.txt nactivity.txt
binju@H225-LT3520-06:~$ ls
nactivity.txt  practice_folder
binju@H225-LT3520-06:~$ sudo apt update
[sudo] password for binju:
Hit:1 http://archive.ubuntu.com/ubuntu noble InRelease
Get:2 http://archive.ubuntu.com/ubuntu noble-updates InRelease [126 kB]
Get:3 http://security.ubuntu.com/ubuntu noble-security InRelease [126 kB]
Get:4 http://archive.ubuntu.com/ubuntu noble-backports InRelease [126 kB]
Get:5 http://archive.ubuntu.com/ubuntu noble/universe amd64 Packages [15.0 MB]
Get:6 http://archive.ubuntu.com/ubuntu noble/universe Translation-en [5982 kB]
Get:7 http://archive.ubuntu.com/ubuntu noble/universe amd64 Components [3871 kB]
Get:8 http://archive.ubuntu.com/ubuntu noble/universe amd64 c-n-f Metadata [301 kB]
Get:9 http://archive.ubuntu.com/ubuntu noble/multiverse amd64 Packages [269 kB]
Get:10 http://archive.ubuntu.com/ubuntu noble/multiverse Translation-en [118 kB]
Get:11 http://archive.ubuntu.com/ubuntu noble/multiverse amd64 Components [35.0 kB]
Get:12 http://archive.ubuntu.com/ubuntu noble/multiverse amd64 c-n-f Metadata [8328 B]
Reading package lists... Done
E: Release file for http://archive.ubuntu.com/ubuntu/dists/noble-updates/InRelease is not valid yet (invalid for another 5h 24min 11s). Updates forthis repository will not be applied.
E: Release file for http://archive.ubuntu.com/ubuntu/dists/noble-backports/InRelease is not valid yet (invalid for another 2h 40min 18s). Updates for this repository will not be applied.
E: Release file for http://security.ubuntu.com/ubuntu/dists/noble-security/InRelease is not valid yet (invalid for another 2h 38min 23s). Updates for this repository will not be applied.
binju@H225-LT3520-06:~$ sudo apt install hisat2
Reading package lists... Done
Building dependency tree... Done
Reading state information... Done
The following additional packages will be installed:
  bcftools libhts3t64 libhtscodecs2 libncurses6 python3-hisat2
  samtools
Suggested packages:
  python3-numpy python3-matplotlib texlive-latex-recommended cwltool
The following NEW packages will be installed:
  bcftools hisat2 libhts3t64 libhtscodecs2 libncurses6 python3-hisat2
  samtools
0 upgraded, 7 newly installed, 0 to remove and 0 not upgraded.
Need to get 5910 kB of archives.
After this operation, 18.2 MB of additional disk space will be used.
Do you want to continue? [Y/n] Y
Get:1 http://archive.ubuntu.com/ubuntu noble/main amd64 libncurses6 amd64 6.4+20240113-1ubuntu2 [112 kB]
Get:2 http://archive.ubuntu.com/ubuntu noble/universe amd64 libhtscodecs2 amd64 1.6.0-1build1 [98.8 kB]
Get:3 http://archive.ubuntu.com/ubuntu noble/universe amd64 libhts3t64 amd64 1.19+ds-1.1build3 [437 kB]
Get:4 http://archive.ubuntu.com/ubuntu noble/universe amd64 bcftools amd64 1.19-1build2 [791 kB]
Get:5 http://archive.ubuntu.com/ubuntu noble/universe amd64 hisat2 amd64 2.2.1-4 [3866 kB]
Get:6 http://archive.ubuntu.com/ubuntu noble/universe amd64 python3-hisat2 all 2.2.1-4 [12.7 kB]
Get:7 http://archive.ubuntu.com/ubuntu noble/universe amd64 samtools amd64 1.19.2-1build2 [593 kB]
Fetched 5910 kB in 1s (5486 kB/s)
Selecting previously unselected package libncurses6:amd64.
(Reading database ... 40794 files and directories currently installed.)
Preparing to unpack .../0-libncurses6_6.4+20240113-1ubuntu2_amd64.deb ..
.
Unpacking libncurses6:amd64 (6.4+20240113-1ubuntu2) ...
Selecting previously unselected package libhtscodecs2:amd64.
Preparing to unpack .../1-libhtscodecs2_1.6.0-1build1_amd64.deb ...
Unpacking libhtscodecs2:amd64 (1.6.0-1build1) ...
Selecting previously unselected package libhts3t64:amd64.
Preparing to unpack .../2-libhts3t64_1.19+ds-1.1build3_amd64.deb ...
Unpacking libhts3t64:amd64 (1.19+ds-1.1build3) ...
Selecting previously unselected package bcftools.
Preparing to unpack .../3-bcftools_1.19-1build2_amd64.deb ...
Unpacking bcftools (1.19-1build2) ...
Selecting previously unselected package hisat2.
Preparing to unpack .../4-hisat2_2.2.1-4_amd64.deb ...
Unpacking hisat2 (2.2.1-4) ...
Selecting previously unselected package python3-hisat2.
Preparing to unpack .../5-python3-hisat2_2.2.1-4_all.deb ...
Unpacking python3-hisat2 (2.2.1-4) ...
Selecting previously unselected package samtools.
Preparing to unpack .../6-samtools_1.19.2-1build2_amd64.deb ...
Unpacking samtools (1.19.2-1build2) ...
Setting up libhtscodecs2:amd64 (1.6.0-1build1) ...
Setting up libncurses6:amd64 (6.4+20240113-1ubuntu2) ...
Setting up hisat2 (2.2.1-4) ...
Setting up libhts3t64:amd64 (1.19+ds-1.1build3) ...
Setting up python3-hisat2 (2.2.1-4) ...
Setting up bcftools (1.19-1build2) ...
Setting up samtools (1.19.2-1build2) ...
Processing triggers for man-db (2.12.0-4build2) ...
Processing triggers for libc-bin (2.39-0ubuntu8.3) ...
binju@H225-LT3520-06:~$ hisat2
No index, query, or output file specified!
HISAT2 version 2.2.1 by Daehwan Kim (infphilo@gmail.com, www.ccb.jhu.edu/people/infphilo)
Usage:
  hisat2 [options]* -x <ht2-idx> {-1 <m1> -2 <m2> | -U <r>} [-S <sam>]

  <ht2-idx>  Index filename prefix (minus trailing .X.ht2).
  <m1>       Files with #1 mates, paired with files in <m2>.
             Could be gzip'ed (extension: .gz) or bzip2'ed (extension: .bz2).
  <m2>       Files with #2 mates, paired with files in <m1>.
             Could be gzip'ed (extension: .gz) or bzip2'ed (extension: .bz2).
  <r>        Files with unpaired reads.
             Could be gzip'ed (extension: .gz) or bzip2'ed (extension: .bz2).
  <sam>      File for SAM output (default: stdout)

  <m1>, <m2>, <r> can be comma-separated lists (no whitespace) and can be
  specified many times.  E.g. '-U file1.fq,file2.fq -U file3.fq'.

Options (defaults in parentheses):

 Input:
  -q                 query input files are FASTQ .fq/.fastq (default)
  --qseq             query input files are in Illumina's qseq format
  -f                 query input files are (multi-)FASTA .fa/.mfa
  -r                 query input files are raw one-sequence-per-line
  -c                 <m1>, <m2>, <r> are sequences themselves, not files
  -s/--skip <int>    skip the first <int> reads/pairs in the input (none)
  -u/--upto <int>    stop after first <int> reads/pairs (no limit)
  -5/--trim5 <int>   trim <int> bases from 5'/left end of reads (0)
  -3/--trim3 <int>   trim <int> bases from 3'/right end of reads (0)
  --phred33          qualities are Phred+33 (default)
  --phred64          qualities are Phred+64
  --int-quals        qualities encoded as space-delimited integers

 Presets:                 Same as:
   --fast                 --no-repeat-index
   --sensitive            --bowtie2-dp 1 -k 30 --score-min L,0,-0.5
   --very-sensitive       --bowtie2-dp 2 -k 50 --score-min L,0,-1

 Alignment:
  --bowtie2-dp <int> use Bowtie2's dynamic programming alignment algorithm (0) - 0: no dynamic programming, 1: conditional dynamic programming, and2: unconditional dynamic programming (slowest)
  --n-ceil <func>    func for max # non-A/C/G/Ts permitted in aln (L,0,0.15)
  --ignore-quals     treat all quality values as 30 on Phred scale (off)
  --nofw             do not align forward (original) version of read (off)
  --norc             do not align reverse-complement version of read (off)
  --no-repeat-index  do not use repeat index

 Spliced Alignment:
  --pen-cansplice <int>              penalty for a canonical splice site (0)
  --pen-noncansplice <int>           penalty for a non-canonical splice site (12)
  --pen-canintronlen <func>          penalty for long introns (G,-8,1) with canonical splice sites
  --pen-noncanintronlen <func>       penalty for long introns (G,-8,1) with noncanonical splice sites
  --min-intronlen <int>              minimum intron length (20)
  --max-intronlen <int>              maximum intron length (500000)
  --known-splicesite-infile <path>   provide a list of known splice sites
  --novel-splicesite-outfile <path>  report a list of splice sites
  --novel-splicesite-infile <path>   provide a list of novel splice sites
  --no-temp-splicesite               disable the use of splice sites found
  --no-spliced-alignment             disable spliced alignment
  --rna-strandness <string>          specify strand-specific information (unstranded)
  --tmo                              reports only those alignments within known transcriptome
  --dta                              reports alignments tailored for transcript assemblers
  --dta-cufflinks                    reports alignments tailored specifically for cufflinks
  --avoid-pseudogene                 tries to avoid aligning reads to pseudogenes (experimental option)
  --no-templatelen-adjustment        disables template length adjustment for RNA-seq reads

 Scoring:
  --mp <int>,<int>   max and min penalties for mismatch; lower qual = lower penalty <6,2>
  --sp <int>,<int>   max and min penalties for soft-clipping; lower qual = lower penalty <2,1>
  --no-softclip      no soft-clipping
  --np <int>         penalty for non-A/C/G/Ts in read/ref (1)
  --rdg <int>,<int>  read gap open, extend penalties (5,3)
  --rfg <int>,<int>  reference gap open, extend penalties (5,3)
  --score-min <func> min acceptable alignment score w/r/t read length
                     (L,0.0,-0.2)

 Reporting:
  -k <int>           It searches for at most <int> distinct, primary alignments for each read. Primary alignments mean
                     alignments whose alignment score is equal to or higher than any other alignments. The search terminates
                     when it cannot find more distinct valid alignments, or when it finds <int>, whichever happens first.
                     The alignment score for a paired-end alignment equals the sum of the alignment scores of
                     the individual mates. Each reported read or pair alignment beyond the first has the SAM ‘secondary’ bit
                     (which equals 256) set in its FLAGS field. For reads that have more than <int> distinct,
                     valid alignments, hisat2 does not guarantee that the <int> alignments reported are the best possible
                     in terms of alignment score. Default: 5 (linear index) or 10 (graph index).
                     Note: HISAT2 is not designed with large values for -k in mind, and when aligning reads to long,
                     repetitive genomes, large -k could make alignment much slower.
  --max-seeds <int>  HISAT2, like other aligners, uses seed-and-extend approaches. HISAT2 tries to extend seeds to
                     full-length alignments. In HISAT2, --max-seeds is used to control the maximum number of seeds that
                     will be extended. For DNA-read alignment (--no-spliced-alignment), HISAT2 extends up to these many seeds
                     and skips the rest of the seeds. For RNA-read alignment, HISAT2 skips extending seeds and reports
                     no alignments if the number of seeds is larger than the number specified with the option,
                     to be compatible with previous versions of HISAT2. Large values for --max-seeds may improve alignment
                     sensitivity, but HISAT2 is not designed with large values for --max-seeds in mind, and when aligning
                     reads to long, repetitive genomes, large --max-seeds could make alignment much slower.
                     The default value is the maximum of 5 and the value that comes with -k times 2.
  -a/--all           HISAT2 reports all alignments it can find. Using the option is equivalent to using both --max-seeds
                     and -k with the maximum value that a 64-bit signed integer can represent (9,223,372,036,854,775,807).
  --repeat           report alignments to repeat sequences directly

 Paired-end:
  -I/--minins <int>  minimum fragment length (0), only valid with --no-spliced-alignment
  -X/--maxins <int>  maximum fragment length (500), only valid with --no-spliced-alignment
  --fr/--rf/--ff     -1, -2 mates align fw/rev, rev/fw, fw/fw (--fr)
  --no-mixed         suppress unpaired alignments for paired reads
  --no-discordant    suppress discordant alignments for paired reads

 Output:
  -t/--time          print wall-clock time taken by search phases
  --un <path>           write unpaired reads that didn't align to <path>
  --al <path>           write unpaired reads that aligned at least once to <path>
  --un-conc <path>      write pairs that didn't align concordantly to <path>
  --al-conc <path>      write pairs that aligned concordantly at least once to <path>
  (Note: for --un, --al, --un-conc, or --al-conc, add '-gz' to the option name, e.g.
  --un-gz <path>, to gzip compress output, or add '-bz2' to bzip2 compress output.)
  --summary-file <path> print alignment summary to this file.
  --new-summary         print alignment summary in a new style, which is more machine-friendly.
  --quiet               print nothing to stderr except serious errors
  --met-file <path>     send metrics to file at <path> (off)
  --met-stderr          send metrics to stderr (off)
  --met <int>           report internal counters & metrics every <int> secs (1)
  --no-head             suppress header lines, i.e. lines starting with @
  --no-sq               suppress @SQ header lines
  --rg-id <text>        set read group id, reflected in @RG line and RG:Z: opt field
  --rg <text>           add <text> ("lab:value") to @RG line of SAM header.
                        Note: @RG line only printed when --rg-id is set.
  --omit-sec-seq        put '*' in SEQ and QUAL fields for secondary alignments.

 Performance:
  -o/--offrate <int> override offrate of index; must be >= index's offrate
  -p/--threads <int> number of alignment threads to launch (1)
  --reorder          force SAM output order to match order of input reads
  --mm               use memory-mapped I/O for index; many 'hisat2's can share

 Other:
  --qc-filter        filter out reads that are bad according to QSEQ filter
  --seed <int>       seed for random number generator (0)
  --non-deterministic seed rand. gen. arbitrarily instead of using read attributes
  --remove-chrname   remove 'chr' from reference names in alignment
  --add-chrname      add 'chr' to reference names in alignment
  --version          print version information and quit
  -h/--help          print this usage message
(ERR): hisat2-align exited with value 1
binju@H225-LT3520-06:~$ sudo apt install samtools
Reading package lists... Done
Building dependency tree... Done
Reading state information... Done
samtools is already the newest version (1.19.2-1build2).
samtools set to manually installed.
0 upgraded, 0 newly installed, 0 to remove and 0 not upgraded.
binju@H225-LT3520-06:~$ samtools

Program: samtools (Tools for alignments in the SAM format)
Version: 1.19.2 (using htslib 1.19)

Usage:   samtools <command> [options]

Commands:
  -- Indexing
     dict           create a sequence dictionary file
     faidx          index/extract FASTA
     fqidx          index/extract FASTQ
     index          index alignment

  -- Editing
     calmd          recalculate MD/NM tags and '=' bases
     fixmate        fix mate information
     reheader       replace BAM header
     targetcut      cut fosmid regions (for fosmid pool only)
     addreplacerg   adds or replaces RG tags
     markdup        mark duplicates
     ampliconclip   clip oligos from the end of reads

  -- File operations
     collate        shuffle and group alignments by name
     cat            concatenate BAMs
     consensus      produce a consensus Pileup/FASTA/FASTQ
     merge          merge sorted alignments
     mpileup        multi-way pileup
     sort           sort alignment file
     split          splits a file by read group
     quickcheck     quickly check if SAM/BAM/CRAM file appears intact
     fastq          converts a BAM to a FASTQ
     fasta          converts a BAM to a FASTA
     import         Converts FASTA or FASTQ files to SAM/BAM/CRAM
     reference      Generates a reference from aligned data
     reset          Reverts aligner changes in reads

  -- Statistics
     bedcov         read depth per BED region
     coverage       alignment depth and percent coverage
     depth          compute the depth
     flagstat       simple stats
     idxstats       BAM index stats
     cram-size      list CRAM Content-ID and Data-Series sizes
     phase          phase heterozygotes
     stats          generate stats (former bamcheck)
     ampliconstats  generate amplicon specific stats

  -- Viewing
     flags          explain BAM flags
     head           header viewer
     tview          text alignment viewer
     view           SAM<->BAM<->CRAM conversion
     depad          convert padded BAM to unpadded BAM
     samples        list the samples in a set of SAM/BAM/CRAM files

  -- Misc
     help [cmd]     display this help message or help for [cmd]
     version        detailed version information

binju@H225-LT3520-06:~$
